{
  "From": "0xe67e43b831a541c5fa40de52ab0afbe311514e64",
  "To": "0xc5243ca70445065765f687ccce5621f7c092be9c",
  "Value": 10000000000000000000000,
  "Raw": {
    "address": "0x1f9840a85d5af5bf1d1762f925bdaddc4201f984",
    "topics": [
      "0xd6f782ad61ba30c1b39b77f1bf37061e68733360288a441e70d08c0a91b0cbc5",
      "0x000000000000000000000000e67e43b831a541c5fa40de52ab0afbe311514e64",
      "0x000000000000000000000000c5243ca70445065765f687ccce5621f7c092be9c"
    ],
    "data": "0x00000000000000000000000000000000000000000000021e19e0c9bab2400000",
    "blockNumber": "0x0",
    "transactionHash": "0x62ec654d716595714a0b0346f8df35811ffa4c0dcf5123739489a0e14a8ef3d7",
    "transactionIndex": "0xc1",
    "blockHash": "0x23f2ba78e00718bb1dc5383d60f0e91be4a7b856dfce2875bf5199d863891064",
    "logIndex": "0x15a",
    "removed": false
  }
}
